
LAYER
  NAME "Land Area"
  TYPE POLYGON
  CONNECTIONTYPE OGR
  CONNECTION "ns_data/1V620103.000"
  DATA "LNDARE"
  STATUS DEFAULT
  
  CLASS
    STYLE
      COLOR 201 185 122
      OUTLINECOLOR 0 0 0
      WIDTH 1    
    END      
  END    
END

LAYER
  NAME "SEAARE"
  TYPE LINE
  CONNECTIONTYPE OGR
  CONNECTION "ns_data/1V620103.000"
  DATA "SEAARE"
  STATUS DEFAULT
  LABELITEM "OBJNAM"    

  CLASS
    LABEL
      TYPE TRUETYPE
      COLOR 63 72 204
      #OUTLINECOLOR 255 255 255
      SIZE 10
      PARTIALS TRUE
      POSITION AUTO
    END
  END      

END

LAYER
  NAME "Rivers"
  TYPE POLYGON
  CONNECTIONTYPE OGR
  CONNECTION "ns_data/1V620103.000"
  DATA "RIVERS"
  STATUS DEFAULT
  
  CLASS
    STYLE
      COLOR 170 195 240 
    END      
  END    
END

LAYER
  NAME "Depth Area"
  TYPE POLYGON
  CONNECTIONTYPE OGR
  CONNECTION "ns_data/1V620103.000"
  DATA "DEPARE"
  STATUS DEFAULT
  
  CLASS
    EXPRESSION ([DRVAL1] < 3) 
    STYLE
      COLOR 115 182 239
    END 
  END 
  CLASS 
    EXPRESSION ([DRVAL1] >= 3 && [DRVAL1] < 8) 
    STYLE 
      COLOR 156 198 247
    END 
  END 
  CLASS 
    EXPRESSION ([DRVAL1] >= 8) 
    STYLE 
      COLOR 214 235 239
    END 
  END            
END

LAYER
  NAME "Depth Contour"
  TYPE LINE
  CONNECTIONTYPE OGR
  CONNECTION "ns_data/1V620103.000"
  DATA "DEPCNT"
  STATUS DEFAULT
  
  CLASS
    STYLE 
      COLOR 125 137 140
      WIDTH 1
    END
  END 
END    

LAYER
  NAME "Coast line"
  TYPE LINE
  CONNECTIONTYPE OGR
  CONNECTION "ns_data/1V620103.000"
  DATA "COALNE"
  STATUS DEFAULT
  
  CLASS
    STYLE
      COLOR 82 90 92
      WIDTH 1   
    END      
  END    
END

LAYER
  NAME "Shoreline Construction"
  TYPE LINE
  CONNECTIONTYPE OGR
  CONNECTION "ns_data/1V620103.000"
  DATA "SLCONS"
  STATUS DEFAULT
  
  CLASS
    STYLE
      COLOR 82 90 92
      WIDTH 3    
    END      
  END    
END

LAYER
  NAME "Admin Areas"
  TYPE POLYGON
  CONNECTIONTYPE OGR
  CONNECTION "ns_data/1V620103.000"
  DATA "ADMARE"
  STATUS DEFAULT
  CLASS
    STYLE
      OUTLINECOLOR 125 137 140
      WIDTH 1    
    END      
  END    
END

LAYER
  NAME "Bridge"
  TYPE LINE
  CONNECTIONTYPE OGR
  CONNECTION "ns_data/1V620103.000"
  DATA "BRIDGE"
  STATUS DEFAULT
  
  CLASS
    STYLE
      COLOR 125 137 140
      WIDTH 3    
    END      
  END    
END

LAYER
  Name "Land Region"
  TYPE POLYGON
  STATUS DEFAULT
  CONNECTIONTYPE OGR
  CONNECTION "ns_data/1V620103.000"
  DATA "LNDRGN"
  LABELITEM "OBJNAM"    

  CLASS
    LABEL
      TYPE TRUETYPE
      COLOR 0 0 0
      SIZE 10
      PARTIALS TRUE
      POSITION AUTO
    END
  END
END 

# Буй латеральный 
LAYER
  NAME "Buoy Lateral"
  TYPE POINT
  STATUS DEFAULT
  CONNECTIONTYPE OGR
  CONNECTION "ns_data/1V620103.000"
  DATA "BOYLAT"
  LABELITEM "OBJNAM"  

# 16.1 Буй левой кромки судового хода
  CLASS
    EXPRESSION ([CATLAM] = 1 && [BOYSHP] = 1 && ('[COLOUR]' = '1' || '[COLOUR]' = '2'))
    STYLE
       SYMBOL 'buoy_16-1'
       SIZE 50
    END

    LABEL
      TYPE TRUETYPE
      COLOR 0 0 0
      SIZE 10
      PARTIALS TRUE
      POSITION AUTO
    END  
  END
  
# 16.2 Буй правой кромки судового хода
  CLASS
    EXPRESSION ([CATLAM] = 2 && ([BOYSHP] = 2 || [BOYSHP] = 3) && '[COLOUR]' = '3') 
    STYLE
       SYMBOL 'buoy_16-2'
       SIZE 50
    END

    LABEL
      TYPE TRUETYPE
      COLOR 0 0 0
      SIZE 10
      PARTIALS TRUE
      POSITION AUTO
    END  
  END


# 16.3 Буй поворотный левой кромки
  CLASS
    EXPRESSION ([CATLAM] = 1 && [BOYSHP] = 1 && ('[COLOUR]' = '1,2,1' || '[COLOUR]' = '2,1,2') && '[COLPAT]' = '1')
    STYLE
       SYMBOL 'buoy_16-3'
       SIZE 50
    END

    LABEL
      TYPE TRUETYPE
      COLOR 0 0 0
      SIZE 10
      PARTIALS TRUE
      POSITION AUTO
    END  
  END
       
  
# 16.4 Буй поворотный правой кромки
  CLASS
    EXPRESSION ([CATLAM] = 2 && ([BOYSHP] = 1 || [BOYSHP] = 2) && ('[COLOUR]' = '3,1,3' || '[COLOUR]' = '3,2,3') && '[COLPAT]' = '1') 
    STYLE
       SYMBOL 'buoy_16-4'
       SIZE 50
    END

    LABEL
      TYPE TRUETYPE
      COLOR 0 0 0
      SIZE 10
      PARTIALS TRUE
      POSITION AUTO
    END  
  END

# 16.6 Буй "Знак опасности" левой стороны
  CLASS
    EXPRESSION ('[CATLAM]' = '1' &&  [BOYSHP] = 1 && '[COLOUR]' = '1,2' && '[COLPAT]' = '4')
    STYLE
       SYMBOL 'buoy_16-6'
       SIZE 50
    END

    LABEL
      TYPE TRUETYPE
      COLOR 0 0 0
      SIZE 10
      PARTIALS TRUE
      POSITION AUTO
    END  
  END        

# 16.7 Буй "Знак опасности" левой стороны
  CLASS
    EXPRESSION ('[CATLAM]' = '2' &&  [BOYSHP] = 2 && ('[COLOUR]' = '3,2' || '[COLOUR]' = '1,3') && '[COLPAT]' = '4')
    STYLE
       SYMBOL 'buoy_16-7'
       SIZE 50
    END

    LABEL
      TYPE TRUETYPE
      COLOR 0 0 0
      SIZE 10
      PARTIALS TRUE
      POSITION AUTO
    END  
  END  

# 16.11 Бакен левой кромки судового хода
  CLASS
    EXPRESSION ([CATLAM] = 1 && [BOYSHP] = 1 && '[COLOUR]' = '1')
    STYLE
       SYMBOL 'buoy_16-11'
       SIZE 50
    END

    LABEL
      TYPE TRUETYPE
      COLOR 0 0 0
      SIZE 10
      PARTIALS TRUE
      POSITION AUTO
    END  
  END

# 16.12 Бакен правой кромки судового хода
  CLASS
    EXPRESSION ([CATLAM] = 2 && [BOYSHP] = 3 && '[COLOUR]' = '3')
    STYLE
       SYMBOL 'buoy_16-12'
       SIZE 50
    END

    LABEL
      TYPE TRUETYPE
      COLOR 0 0 0
      SIZE 10
      PARTIALS TRUE
      POSITION AUTO
    END  
  END

# 16.20 Буй сигарообразный левой кромки
  CLASS
    EXPRESSION ([CATLAM] = 1 && [BOYSHP] = 8 && ('[COLOUR]' = '1' || '[COLOUR]' = '2'))
    STYLE
       SYMBOL 'buoy_16-20'
       SIZE 50
    END

    LABEL
      TYPE TRUETYPE
      COLOR 0 0 0
      SIZE 10
      PARTIALS TRUE
      POSITION AUTO
    END  
  END

# 16.21 Буй сигарообразный правой кромки
  CLASS
    EXPRESSION ([CATLAM] = 2 && [BOYSHP] = 8 && '[COLOUR]' = '3')
    STYLE
       SYMBOL 'buoy_16-21'
       SIZE 50
    END

    LABEL
      TYPE TRUETYPE
      COLOR 0 0 0
      SIZE 10
      PARTIALS TRUE
      POSITION AUTO
    END  
  END

# 16.25 Веха левой кромки судового хода
  CLASS
    EXPRESSION ([CATLAM] = 1 && [BOYSHP] = 5 && '[COLOUR]' = '1')
    STYLE
       SYMBOL 'buoy_16-25'
       SIZE 50
    END

    LABEL
      TYPE TRUETYPE
      COLOR 0 0 0
      SIZE 10
      PARTIALS TRUE
      POSITION AUTO
    END  
  END

# 16.26 Веха правой кромки судового хода
  CLASS
    EXPRESSION ([CATLAM] = 2 && [BOYSHP] = 5 && '[COLOUR]' = '3')
    STYLE
       SYMBOL 'buoy_16-26'
       SIZE 50
    END

    LABEL
      TYPE TRUETYPE
      COLOR 0 0 0
      SIZE 10
      PARTIALS TRUE
      POSITION AUTO
    END  
  END

END  

